<html>
<body>
<pre>
<h1>µVision Build Log</h1>
<h2>Project:</h2>
C:\Keil\Labware\Project\SpaceInvaders.uvproj
Project File Date:  05/20/2022

<h2>Output:</h2>
Rebuild target 'SpaceInvaders'
assembling startup.s...
compiling Nokia5110.c...
assembling random.s...
compiling SpaceInvaders.c...
gpio.c(31): warning:  #223-D: function "EnableInterrupts" declared implicitly
    EnableInterrupts();           // (i) Clears the I bit
SpaceInvaders.c: 1 warning, 0 errors
compiling TExaS.c...
linking...
Program Size: Code=5604 RO-data=1956 RW-data=104 ZI-data=1912  
".\SpaceInvaders.axf" - 0 Error(s), 1 Warning(s).
Load "C:\\Keil\\Labware\\Project\\SpaceInvaders.axf" 
Connecting: Mode=JTAG, Speed=1000000Hz
Connection failed!, error code=&d
Error: Flash Download failed  -  Target DLL has been cancelled
